a1-shadow-stone-inner-ward-terce-down | disc footprint 88674 px, visible 86464 px (98%), darkens 20% of the floor under it, noise 3920 px | sky terce | eye 14.00,1.70,-4.00 yaw 6.283 pitch -1.35 | feet 0.000 on ground | prompt null | shadow 14,0.02,-4 | hand hidden reach 0
a2-shadow-stone-inner-ward-terce-glance | disc footprint 68791 px, visible 64738 px (94%), darkens 20% of the floor under it, noise 6971 px | sky terce | eye 14.00,1.70,-4.00 yaw 6.283 pitch -0.95 | feet 0.000 on ground | prompt null | shadow 14,0.02,-4 | hand hidden reach 0
a3-shadow-grass-outer-ward-terce-down | disc footprint 73224 px, visible 73206 px (100%), darkens 23% of the floor under it, noise 14762 px | sky terce | eye -14.00,1.70,-2.00 yaw 6.283 pitch -1.35 | feet 0.000 on ground | prompt null | shadow -14,0.02,-2 | hand hidden reach 0
a4-shadow-grass-outer-ward-terce-glance | disc footprint 59931 px, visible 58770 px (98%), darkens 22% of the floor under it, noise 5381 px | sky terce | eye -14.00,1.70,-2.00 yaw 6.283 pitch -0.95 | feet 0.000 on ground | prompt null | shadow -14,0.02,-2 | hand hidden reach 0
a5-shadow-stone-inner-ward-vespers-down | disc footprint 80020 px, visible 77444 px (97%), darkens 21% of the floor under it, noise 7813 px | sky vespers | eye 14.00,1.70,-4.00 yaw 6.283 pitch -1.35 | feet 0.000 on ground | prompt null | shadow 14,0.02,-4 | hand hidden reach 0
a6-shadow-grass-outer-ward-vespers-down | disc footprint 51305 px, visible 51305 px (100%), darkens 27% of the floor under it, noise 0 px | sky vespers | eye -14.00,1.70,-2.00 yaw 6.283 pitch -1.35 | feet 0.000 on ground | prompt null | shadow -14,0.02,-2 | hand hidden reach 0
b-nw1-30-going-up | disc footprint 39924 px, visible 0 px (0%), darkens -% of the floor under it, noise 0 px | sky terce | eye -36.75,2.87,-16.66 yaw 3.142 pitch -0.9 | feet 1.170 on nw-tower-stair-1 | prompt "Press E to examine the gaol roll on the barrel-head" | shadow -36.75,1.19,-16.66 | hand hidden reach 0
b-nw1-30-going-down | disc footprint 34831 px, visible 30899 px (89%), darkens 22% of the floor under it, noise 0 px | sky terce | eye -36.75,2.87,-16.66 yaw 6.283 pitch -0.9 | feet 1.170 on nw-tower-stair-1 | prompt "Press E to read the watch-bill" | shadow -36.75,1.19,-16.66 | hand hidden reach 0
b-nw1-30-feet | disc footprint 71269 px, visible 27198 px (38%), darkens 20% of the floor under it, noise 0 px | sky terce | eye -36.75,2.87,-16.66 yaw 3.142 pitch -1.35 | feet 1.170 on nw-tower-stair-1 | prompt "Press E to examine the gaol roll on the barrel-head" | shadow -36.75,1.19,-16.66 | hand hidden reach 0
b-nw1-62-going-up | disc footprint 39643 px, visible 0 px (0%), darkens -% of the floor under it, noise 0 px | sky terce | eye -36.75,4.12,-15.60 yaw 3.142 pitch -0.9 | feet 2.418 on nw-tower-stair-1 | prompt null | shadow -36.75,2.438,-15.604 | hand hidden reach 0
b-nw1-62-going-down | disc footprint 27263 px, visible 22899 px (84%), darkens 24% of the floor under it, noise 0 px | sky terce | eye -36.75,4.12,-15.60 yaw 6.283 pitch -0.9 | feet 2.418 on nw-tower-stair-1 | prompt "Press E to read the watch-bill" | shadow -36.75,2.438,-15.604 | hand hidden reach 0
b-nw1-62-feet | disc footprint 69839 px, visible 25961 px (37%), darkens 21% of the floor under it, noise 0 px | sky terce | eye -36.75,4.12,-15.60 yaw 3.142 pitch -1.35 | feet 2.418 on nw-tower-stair-1 | prompt null | shadow -36.75,2.438,-15.604 | hand hidden reach 0
b-kt2-30-going-up | disc footprint 39225 px, visible 0 px (0%), darkens -% of the floor under it, noise 0 px | sky terce | eye -20.66,6.87,-16.75 yaw 4.712 pitch -0.9 | feet 5.170 on kitchen-tower-stair-2 | prompt null | shadow -20.66,5.19,-16.75 | hand hidden reach 0
b-kt2-30-going-down | disc footprint 31161 px, visible 26962 px (87%), darkens 23% of the floor under it, noise 0 px | sky terce | eye -20.66,6.87,-16.75 yaw 1.571 pitch -0.9 | feet 5.170 on kitchen-tower-stair-2 | prompt null | shadow -20.66,5.19,-16.75 | hand hidden reach 0
b-kt2-30-feet | disc footprint 72337 px, visible 28593 px (40%), darkens 21% of the floor under it, noise 0 px | sky terce | eye -20.66,6.87,-16.75 yaw 4.712 pitch -1.35 | feet 5.170 on kitchen-tower-stair-2 | prompt null | shadow -20.66,5.19,-16.75 | hand hidden reach 0
b-kt2-62-going-up | disc footprint 44494 px, visible 0 px (0%), darkens -% of the floor under it, noise 0 px | sky terce | eye -19.60,8.12,-16.75 yaw 4.712 pitch -0.9 | feet 6.418 on kitchen-tower-stair-2 | prompt null | shadow -19.604,6.438,-16.75 | hand hidden reach 0
b-kt2-62-going-down | disc footprint 39510 px, visible 9873 px (25%), darkens 26% of the floor under it, noise 0 px | sky terce | eye -19.60,8.12,-16.75 yaw 1.571 pitch -0.9 | feet 6.418 on kitchen-tower-stair-2 | prompt null | shadow -19.604,6.438,-16.75 | hand hidden reach 0
b-kt2-62-feet | disc footprint 78409 px, visible 0 px (0%), darkens -% of the floor under it, noise 0 px | sky terce | eye -19.60,8.12,-16.75 yaw 4.712 pitch -1.35 | feet 6.418 on kitchen-tower-stair-2 | prompt null | shadow -19.604,6.438,-16.75 | hand hidden reach 0
c1-hand-word-lock-turned-away | disc footprint 0 px, visible 0 px (-%), darkens -% of the floor under it, noise 0 px | sky prime | eye 21.00,1.70,-12.00 yaw 3.116 pitch 0 | feet 0.000 on ground | prompt null | shadow 21,0.02,-12 | hand hidden reach 0
c2-hand-word-lock-at-rest | disc footprint 0 px, visible 0 px (-%), darkens -% of the floor under it, noise 0 px | sky prime | eye 21.00,1.70,-12.00 yaw -0.026 pitch 0 | feet 0.000 on ground | prompt "Press E to read the word-lock" | shadow 21,0.02,-12 | hand 21.093,1.633,-12.772 reach 1
c3-hand-word-lock-closer | disc footprint 0 px, visible 0 px (-%), darkens -% of the floor under it, noise 0 px | sky prime | eye 21.00,1.70,-13.20 yaw -0.026 pitch -0.1 | feet 0.000 on ground | prompt "Press E to read the word-lock" | shadow 21,0.02,-13.2 | hand 21.189,1.563,-13.944 reach 1
c5-hand-word-lock-turning-300ms | sky prime | eye 21.00,1.70,-12.00 yaw 1.647 pitch 0 | prompt null | shadow 21,0.02,-12 | hand hidden reach 0
c5-hand-word-lock-turning-700ms | sky prime | eye 21.00,1.70,-12.00 yaw 1.001 pitch 0 | prompt "Press E to read the word-lock" | shadow 21,0.02,-12 | hand 20.903,1.379,-12.608 reach 0.472
c5-hand-word-lock-turning-900ms | sky prime | eye 21.00,1.70,-12.00 yaw 0.417 pitch 0 | prompt "Press E to read the word-lock" | shadow 21,0.02,-12 | hand 21.082,1.634,-12.772 reach 0.972
c5-hand-word-lock-turning-1100ms | sky prime | eye 21.00,1.70,-12.00 yaw 0.022 pitch 0 | prompt "Press E to read the word-lock" | shadow 21,0.02,-12 | hand 21.092,1.633,-12.772 reach 0.999
c5-hand-word-lock-turning-1700ms | sky prime | eye 21.00,1.70,-12.00 yaw -0.026 pitch 0 | prompt "Press E to read the word-lock" | shadow 21,0.02,-12 | hand 21.093,1.633,-12.772 reach 1
