r4-1-one-castle-nw-roof-east | sky terce | from -36,13.7,-16 at -20,-16 pitch -0.12 | pixel {"castle_wall_slates":17,"medieval_blocks_02":16,"old_planks_02":5,"wood_planks":2,"dirty_carpet":1,"stone_pavers":21,"grassy_cobblestone":5,"rock_tile_floor":6,"forest_ground_06":1,"floor_tiles_02":2} | skin meshes 84 | other meshes 488
r4-1-one-castle-nw-roof-se | sky terce | from -36,13.7,-16 at -20,0 pitch -0.2 | pixel {"castle_wall_slates":18,"medieval_blocks_02":16,"old_planks_02":6,"wood_planks":2,"dirty_carpet":1,"stone_pavers":22,"grassy_cobblestone":5,"rock_tile_floor":6,"forest_ground_06":1,"floor_tiles_02":2} | skin meshes 119 | other meshes 647
r4-2-shadowed-cross-wall-west-face | sky terce | from -9,1.7,-4.5 at -2,-9 pitch 0.12 | pixel {"castle_wall_slates":1,"medieval_blocks_02":12,"old_planks_02":3,"dirty_carpet":1,"stone_pavers":14,"grassy_cobblestone":3,"rock_tile_floor":3} | skin meshes 45 | other meshes 171
r4-2-shadowed-hall-north-wall | sky terce | from -20,1.7,-4 at -20,6 pitch 0.1 | pixel {"castle_wall_slates":9,"medieval_blocks_02":2,"wood_planks":1,"stone_pavers":7,"grassy_cobblestone":6,"forest_ground_06":1,"old_planks_02":2,"rock_tile_floor":1} | skin meshes 37 | other meshes 224
r4-3-grazing-one-metre | sky terce | from -3,1.7,-3 at -2.2,-14 pitch 0 | pixel {"castle_wall_slates":1,"medieval_blocks_02":1,"old_planks_02":3,"wood_planks":1,"dirty_carpet":1,"stone_pavers":10,"grassy_cobblestone":3,"forest_ground_06":1,"rock_tile_floor":2} | skin meshes 26 | other meshes 66
r4-4-sky-prime | sky prime | from -28,1.7,2 at 0,-8 pitch 0.05 | pixel {"castle_wall_slates":16,"medieval_blocks_02":16,"old_planks_02":5,"wood_planks":2,"dirty_carpet":1,"stone_pavers":21,"grassy_cobblestone":5,"rock_tile_floor":6,"floor_tiles_02":2} | skin meshes 78 | other meshes 472
r4-4-sky-terce | sky terce | from -28,1.7,2 at 0,-8 pitch 0.05 | pixel {"castle_wall_slates":16,"medieval_blocks_02":16,"old_planks_02":5,"wood_planks":2,"dirty_carpet":1,"stone_pavers":21,"grassy_cobblestone":5,"rock_tile_floor":6,"floor_tiles_02":2} | skin meshes 78 | other meshes 507
r4-4-sky-sext | sky sext | from -28,1.7,2 at 0,-8 pitch 0.05 | pixel {"castle_wall_slates":16,"medieval_blocks_02":16,"old_planks_02":5,"wood_planks":2,"dirty_carpet":1,"stone_pavers":21,"grassy_cobblestone":5,"rock_tile_floor":6,"floor_tiles_02":2} | skin meshes 78 | other meshes 514
r4-4-sky-vespers | sky vespers | from -28,1.7,2 at 0,-8 pitch 0.05 | pixel {"castle_wall_slates":16,"medieval_blocks_02":16,"old_planks_02":5,"wood_planks":2,"dirty_carpet":1,"stone_pavers":21,"grassy_cobblestone":5,"rock_tile_floor":6,"floor_tiles_02":2} | skin meshes 78 | other meshes 452
r4-4-sky-lauds | sky lauds | from -28,1.7,2 at 0,-8 pitch 0.05 | pixel {"castle_wall_slates":16,"medieval_blocks_02":16,"old_planks_02":5,"wood_planks":2,"dirty_carpet":1,"stone_pavers":21,"grassy_cobblestone":5,"rock_tile_floor":6,"floor_tiles_02":2} | skin meshes 78 | other meshes 220
r4-5-eight-tints-nw-roof | sky terce | from -36,13.7,-16 at 24,16 pitch -0.12 | pixel {"castle_wall_slates":18,"medieval_blocks_02":16,"old_planks_02":6,"wood_planks":2,"dirty_carpet":1,"stone_pavers":21,"grassy_cobblestone":5,"rock_tile_floor":6,"floor_tiles_02":2} | skin meshes 103 | other meshes 588
r4-5-eight-tints-chapel-roof | sky terce | from 24,13.7,16 at -36,-16 pitch -0.12 | pixel {"castle_wall_slates":19,"medieval_blocks_02":34,"old_planks_02":6,"forest_ground_06":9,"plastered_wall_04":6,"wood_planks":2,"dirty_carpet":1,"stone_pavers":20,"grassy_cobblestone":6,"rock_tile_floor":4,"floor_tiles_02":1} | skin meshes 117 | other meshes 730 | still dropped: the eye is inside the chapel tower turret, which has no roof room (#1013)
r4-6-floor-ward-cobbles | sky terce | from -14,1.7,-2 at -14,-6 pitch -0.75 | pixel {"castle_wall_slates":5,"old_planks_02":4,"wood_planks":1,"stone_pavers":7,"grassy_cobblestone":4,"forest_ground_06":3,"rock_tile_floor":1} | skin meshes 11 | other meshes 65
r4-6-floor-hall-tiles | sky terce | from -14,1.7,10 at -24,10 pitch -0.6 | pixel {"castle_wall_slates":8,"medieval_blocks_02":17,"old_planks_02":2,"forest_ground_06":9,"plastered_wall_04":6,"wood_planks":1,"stone_pavers":8,"grassy_cobblestone":6,"rock_tile_floor":1} | skin meshes 30 | other meshes 268
r4-6-floor-walk-decking | sky terce | from -1,9.7,-3 at -1,-12 pitch -0.6 | pixel {"castle_wall_slates":2,"medieval_blocks_02":1,"old_planks_02":4,"wood_planks":1,"dirty_carpet":1,"stone_pavers":14,"grassy_cobblestone":3,"forest_ground_06":2,"rock_tile_floor":2} | skin meshes 22 | other meshes 92
r4-6-floor-tower-boards | sky terce | from -34.5,5.7,-14.5 at -37,-17 pitch -0.7 | pixel {"medieval_blocks_02":12,"old_planks_02":1,"forest_ground_06":6,"stone_pavers":5,"grassy_cobblestone":1} | skin meshes 8 | other meshes 45
r4-7-cabinet-in-pixel-hall | sky terce | from -28.5,1.7,9.5 at -33.4,11.3 pitch -0.12 | pixel {"castle_wall_slates":2,"medieval_blocks_02":12,"old_planks_02":1,"forest_ground_06":8,"plastered_wall_04":6,"stone_pavers":6,"grassy_cobblestone":2,"rock_tile_floor":1} | skin meshes 21 | other meshes 159
r4-9-two-knobs-ward-noon | sky sext | from -30,1.7,-8 at -10,4 pitch 0.02 | pixel {"castle_wall_slates":18,"medieval_blocks_02":16,"old_planks_02":6,"wood_planks":2,"dirty_carpet":1,"stone_pavers":21,"grassy_cobblestone":5,"rock_tile_floor":6,"floor_tiles_02":2} | skin meshes 85 | other meshes 550
r4-5-eight-tints-prison-roof | sky terce | from -20,13.7,16 at 24,-16 pitch -0.12 | pixel {"castle_wall_slates":12,"medieval_blocks_02":16,"old_planks_02":5,"wood_planks":1,"dirty_carpet":1,"stone_pavers":21,"grassy_cobblestone":4,"rock_tile_floor":6,"floor_tiles_02":2} | skin meshes 78 | other meshes 442
probe | renderer.info.memory {"geometries":507,"textures":552} via scene.onBeforeRender | toneMappingExposure 1 | 117 visible meshes wear an assets/pixel texture, 132 are skin
header | DEVON-DESKTOP, headed Chrome 1600x900, main at d3493be, camera pinned as tools/shot-yard.mjs does, sky via __quest._onWatch(sky, {walk:false, sky}), day 0, CC-16
